../Core/Src/main.c:38:7:get_week_day	16	static
../Core/Src/main.c:135:6:display_date_and_time	24	static
../Core/Src/main.c:140:6:HAL_TIM_PeriodElapsedCallback	48	static
../Core/Src/main.c:159:6:init	8	static
../Core/Src/main.c:164:6:display_battery_status	48	static
../Core/Src/main.c:176:6:read_menu	32	static
../Core/Src/main.c:197:6:check_menu	8	static
../Core/Src/main.c:210:6:display_david_star	56	static
../Core/Src/main.c:234:5:main	72	static
../Core/Src/main.c:293:6:SystemClock_Config	88	static
../Core/Src/main.c:339:13:MX_ADC2_Init	24	static
../Core/Src/main.c:386:13:MX_I2C2_Init	8	static
../Core/Src/main.c:420:13:MX_RTC_Init	16	static
../Core/Src/main.c:478:13:MX_SPI2_Init	8	static
../Core/Src/main.c:516:13:MX_TIM1_Init	32	static
../Core/Src/main.c:562:13:MX_TIM2_Init	32	static
../Core/Src/main.c:607:13:MX_USART1_UART_Init	8	static
../Core/Src/main.c:640:13:MX_GPIO_Init	48	static
../Core/Src/main.c:730:6:Error_Handler	4	static,ignoring_inline_asm
