st7735.c:6:13:ILI9341_Select	8	static
st7735.c:10:6:ILI9341_Unselect	8	static
st7735.c:14:13:ILI9341_Reset	8	static
st7735.c:20:13:ILI9341_WriteCommand	16	static
st7735.c:25:13:ILI9341_WriteData	24	static
st7735.c:37:13:ILI9341_SetAddressWindow	32	static
st7735.c:56:6:ILI9341_Init	120	static
st7735.c:211:6:ILI9341_DrawPixel	24	static
st7735.c:224:13:ILI9341_WriteChar	48	static
st7735.c:243:6:ILI9341_WriteString	32	static
st7735.c:269:6:ILI9341_FillRectangle	32	static
st7735.c:289:6:ILI9341_FillScreen	24	static
st7735.c:293:6:ILI9341_DrawImage	24	static
st7735.c:304:6:ILI9341_InvertColors	16	static
st7735.c:311:6:ILI9341_DrawLine	56	static
