../Core/st7735/st7735.c:6:13:ILI9341_Select	8	static
../Core/st7735/st7735.c:10:6:ILI9341_Unselect	8	static
../Core/st7735/st7735.c:14:13:ILI9341_Reset	8	static
../Core/st7735/st7735.c:20:13:ILI9341_WriteCommand	16	static
../Core/st7735/st7735.c:25:13:ILI9341_WriteData	24	static
../Core/st7735/st7735.c:37:13:ILI9341_SetAddressWindow	32	static
../Core/st7735/st7735.c:56:6:ILI9341_Init	120	static
../Core/st7735/st7735.c:211:6:ILI9341_DrawPixel	24	static
../Core/st7735/st7735.c:224:6:ILI9341_DrawPoint	16	static
../Core/st7735/st7735.c:228:13:ILI9341_WriteChar	48	static
../Core/st7735/st7735.c:247:6:ILI9341_WriteString	32	static
../Core/st7735/st7735.c:273:6:ILI9341_FillRectangle	32	static
../Core/st7735/st7735.c:293:6:ILI9341_FillScreen	24	static
../Core/st7735/st7735.c:297:6:ILI9341_DrawImage	24	static
../Core/st7735/st7735.c:308:6:ILI9341_InvertColors	16	static
../Core/st7735/st7735.c:315:6:ILI9341_DrawLine	72	static
../Core/st7735/st7735.c:340:6:ILI9341_DrawTriangle	24	static
../Core/st7735/st7735.c:346:6:ILI9341_DrawRectangle	24	static
../Core/st7735/st7735.c:353:6:ILI9341_DrawCircle	16	static
